exports[`ASPage component renders expected DOM 1`] = `
<div>
  <div
    className="row">
    <div
      className="panel panel-default container">
      <Connect(ASPerformance)
        view={Object {}} />
    </div>
  </div>
  <div
    className="row">
    <div
      className="panel panel-default container">
      <Connect(ASPerformance)
        view={Object {}} />
    </div>
  </div>
</div>
`;
