exports[`ASPerformance component is working as expected renders expected DOM 1`] = `
<div
  className="graph-div">
  <h3>
    OPEN DNS
  </h3>
  <PlotlyGraph
    data={Array []}
    graphOptions={
      Object {
        "font": Object {
          "color": "#7f7f7f",
          "size": 9,
        },
        "height": 327,
        "legend": Object {
          "x": 0,
          "y": 1,
        },
        "margin": Object {
          "b": 30,
          "l": 30,
          "r": 30,
          "t": 0,
        },
      }
    } />
  <ASSelect
    asn={
      Array [
        Object {
          "id": 174,
          "name": "ASN 174",
        },
      ]
    }
    disabled={true}
    onChange={[Function]}
    selectedAS={174} />
  <ASSelect
    asn={
      Array [
        Object {
          "id": 174,
          "name": "ASN 174",
        },
      ]
    }
    disabled={true}
    onChange={[Function]}
    selectedAS={0} />
  <ASSelect
    asn={
      Array [
        Object {
          "id": 174,
          "name": "ASN 174",
        },
      ]
    }
    disabled={false}
    onChange={[Function]} />
  <ASSelect
    asn={
      Array [
        Object {
          "id": 174,
          "name": "ASN 174",
        },
      ]
    }
    disabled={false}
    onChange={[Function]} />
  <ASSelect
    asn={
      Array [
        Object {
          "id": 174,
          "name": "ASN 174",
        },
      ]
    }
    disabled={false}
    onChange={[Function]} />
</div>
`;
