exports[`Components are working fine Renders expected DOM 1`] = `
<div
  style={
    Object {
      "margin": "40px",
    }
  }>
  <h2>
    OPEN DNS
       |  
    UNITED KINGDOM
  </h2>
  <PlotlyGraph
    data={Array []}
    graphOptions={Object {}} />
</div>
`;

exports[`Country Select component Dropdown is there 1`] = `
<div
  style={
    Object {
      "display": "inline",
      "float": "left",
      "width": "20%",
    }
  }>
  <Select
    addLabelText="Add \"{label}\"?"
    arrowRenderer={[Function]}
    autosize={true}
    backspaceRemoves={true}
    backspaceToRemoveMessage="Press backspace to remove {label}"
    clearAllText="Clear all"
    clearRenderer={[Function]}
    clearValueText="Clear value"
    clearable={true}
    deleteRemoves={true}
    delimiter=","
    disabled={false}
    escapeClearsValue={true}
    filterOptions={[Function]}
    ignoreAccents={true}
    ignoreCase={true}
    inputProps={Object {}}
    isLoading={false}
    joinValues={false}
    labelKey="label"
    matchPos="any"
    matchProp="any"
    menuBuffer={0}
    menuRenderer={[Function]}
    multi={false}
    name="countries"
    noResultsText="No results found"
    onBlurResetsInput={true}
    onChange={[Function]}
    onCloseResetsInput={true}
    onInputChange={[Function]}
    openAfterFocus={false}
    optionComponent={[Function]}
    optionRenderer={[Function]}
    options={
      Array [
        Object {
          "label": "Select a country",
          "value": "",
        },
        Object {
          "label": "Global",
          "value": "t",
        },
        Object {
          "label": "Georgia",
          "value": "ge",
        },
      ]
    }
    pageSize={5}
    placeholder="Select..."
    required={false}
    scrollMenuIntoView={true}
    searchable={true}
    simpleValue={false}
    tabSelectsValue={true}
    value={
      Object {
        "label": "Select a country",
        "value": "",
      }
    }
    valueComponent={[Function]}
    valueKey="value" />
</div>
`;
